// Jest Snapshot v1, https://goo.gl/fbAQLP

exports[`renders landing page 1`] = `
[
  <header
    className="header"
  >
    <nav>
      <a
        className="menuLogo"
        href="/"
        onClick={[Function]}
      >
        <svg
          fill="none"
          height={41}
          viewBox="0 0 156 41"
          width={156}
          xmlns="http://www.w3.org/2000/svg"
        >
          <g
            clipPath="url(#clip0_1702_34)"
          >
            <path
              clipRule="evenodd"
              d="M0 0h40.956v41H0V0zm.522.522v39.956h39.913V.522H.522z"
              fill="#2B384C"
              fillRule="evenodd"
            />
            <path
              clipRule="evenodd"
              d="M156 0H40.435v41H156V0zm-.522.522v39.956H40.956V.522h114.522z"
              fill="#2B384C"
              fillRule="evenodd"
            />
            <path
              d="M23.27 7.573h-5.322l7.043 20.84h-8.295l1.721-5.171H12.94L9.652 33.427h21.913L23.27 7.573z"
              fill="url(#paint0_linear_1702_34)"
            />
            <path
              d="M56.5 11.746v5.118c0 .974-.275 1.735-.822 2.284-.548.548-1.325.822-2.33.822-.72 0-1.303-.131-1.753-.393-.45-.262-.76-.63-.932-1.105-.172-.474-.204-1.018-.098-1.632l1.643-.295c-.098.72-.053 1.24.135 1.56.188.318.535.478 1.042.478.531 0 .899-.164 1.103-.491.213-.327.32-.814.32-1.46v-4.886h1.691zM65.237 11.746v4.91c0 1.105-.294 1.935-.882 2.492-.589.548-1.447.822-2.575.822-1.128 0-1.986-.274-2.575-.822-.588-.557-.883-1.387-.883-2.492v-4.91h1.692v4.836c0 .68.143 1.183.43 1.51.294.327.74.49 1.336.49.596 0 1.038-.163 1.324-.49.286-.327.43-.83.43-1.51v-4.836h1.703zM68.878 18.485h4.266v1.362h-5.959v-8.1h1.693v6.738zM76.242 11.746v8.101H74.55v-8.1h1.692zM85.37 19.847h-1.753l-.674-1.976H79.84l-.675 1.976h-1.728l2.954-8.1h2.023l2.955 8.1zm-5.15-3.228h2.343l-1.178-3.535-1.164 3.535zM92.927 11.623c.735 0 1.381.127 1.937.381s1.03.63 1.422 1.13l-.944 1.092c-.335-.426-.703-.737-1.103-.933-.393-.205-.85-.307-1.374-.307-.343 0-.629.045-.858.135-.22.09-.384.209-.49.356a.867.867 0 00-.147.49c0 .222.085.41.257.565.172.148.466.27.883.369l1.508.343c.801.18 1.373.45 1.717.81.351.352.527.81.527 1.375 0 .532-.14.99-.417 1.375-.278.376-.666.667-1.165.871-.498.197-1.07.295-1.716.295a5.837 5.837 0 01-1.558-.197 4.853 4.853 0 01-1.25-.564 3.736 3.736 0 01-.92-.823l.957-1.141c.188.262.42.495.698.7.278.204.593.368.945.49.36.115.735.172 1.128.172.335 0 .617-.036.846-.11.237-.082.412-.192.527-.331a.798.798 0 00.184-.528.735.735 0 00-.22-.54c-.14-.156-.401-.274-.786-.356l-1.643-.369a5.347 5.347 0 01-1.226-.441 2.102 2.102 0 01-.772-.712c-.172-.295-.258-.643-.258-1.043 0-.483.131-.917.393-1.301.261-.385.637-.688 1.128-.909.498-.229 1.095-.344 1.79-.344zM104.827 19.847h-1.753l-.674-1.976h-3.102l-.675 1.976h-1.729l2.955-8.1h2.023l2.955 8.1zm-5.15-3.228h2.343l-1.177-3.535-1.165 3.535zM112.191 11.746l-2.943 8.101h-1.974l-2.955-8.1h1.79l1.705 5.154.466 1.596.453-1.583 1.717-5.168h1.741zM120.128 17.613a3.187 3.187 0 01-.736 1.314 3.146 3.146 0 01-1.189.785 4.261 4.261 0 01-1.508.258c-.801 0-1.496-.168-2.084-.503a3.415 3.415 0 01-1.349-1.436c-.311-.622-.466-1.367-.466-2.234 0-.868.155-1.612.466-2.234.319-.622.768-1.1 1.349-1.436.588-.336 1.275-.504 2.059-.504.556 0 1.059.078 1.508.234a2.764 2.764 0 011.84 1.866l-1.533.65c-.139-.491-.352-.839-.638-1.043-.286-.213-.654-.32-1.103-.32-.441 0-.83.107-1.165.32-.327.212-.58.527-.76.945-.18.409-.27.916-.27 1.522 0 .597.082 1.104.245 1.522.172.417.421.732.748.945.327.213.728.319 1.202.319.441 0 .821-.119 1.14-.356.327-.237.556-.597.687-1.08l1.557.466zM128.521 11.746v8.101h-1.692v-8.1h1.692zm-5.26 0v8.101h-1.692v-8.1h1.692zm4.451 3.327v1.362h-5.297v-1.362h5.297zM137.39 11.746v4.91c0 1.105-.295 1.935-.883 2.492-.589.548-1.447.822-2.575.822-1.128 0-1.986-.274-2.575-.822-.588-.557-.882-1.387-.882-2.492v-4.91h1.692v4.836c0 .68.143 1.183.429 1.51.294.327.74.49 1.336.49.597 0 1.038-.163 1.324-.49.287-.327.429-.83.429-1.51v-4.836h1.705zM146.314 11.746l-3.702 4.21-.135-.135-2.023 2.295-.258-1.57 4.157-4.8h1.961zm-5.284 0v8.101h-1.692v-8.1h1.692zm2.047 2.799l3.335 5.302h-1.937l-2.697-4.357 1.299-.945zM52.099 25.634c.317 0 .588.054.813.163.226.104.399.257.52.457.125.197.188.435.188.715 0 .28-.063.52-.188.72a1.21 1.21 0 01-.52.458 1.924 1.924 0 01-.813.157h-.87v1.467h-.865v-4.137H52.1zm-.132 1.987c.259 0 .453-.054.582-.163.13-.113.194-.276.194-.489 0-.217-.064-.38-.194-.489-.13-.108-.323-.163-.582-.163h-.739v1.304h.739zM58.457 25.634c.467 0 .834.113 1.102.338.267.226.4.53.4.91 0 .405-.133.716-.4.933-.267.213-.633.32-1.096.32l-.088.05h-.889v1.586h-.851v-4.137h1.822zm-.1 1.893c.242 0 .421-.048.538-.144.121-.1.181-.253.181-.458 0-.205-.06-.355-.181-.451-.117-.1-.296-.15-.539-.15h-.87v1.203h.87zm.507.182l1.34 2.062h-.971l-1.108-1.812.739-.25zM64.86 25.572c.41 0 .762.085 1.058.256.296.172.524.416.683.734.162.317.244.698.244 1.14 0 .443-.082.824-.244 1.141a1.706 1.706 0 01-.683.733c-.296.172-.649.258-1.058.258-.409 0-.764-.086-1.064-.258a1.744 1.744 0 01-.689-.733c-.159-.317-.238-.698-.238-1.14 0-.443.08-.824.238-1.141.163-.318.392-.562.689-.734.3-.17.655-.256 1.064-.256zm0 .708c-.234 0-.432.054-.595.163a1.03 1.03 0 00-.375.482 2.104 2.104 0 00-.126.777c0 .305.042.565.126.778.087.213.213.374.375.482.163.109.361.163.595.163.23 0 .426-.054.589-.163a.996.996 0 00.369-.482c.088-.213.132-.473.132-.777 0-.31-.044-.569-.132-.778a.996.996 0 00-.37-.482 1.036 1.036 0 00-.588-.163zM71.536 25.634c.647 0 1.148.18 1.503.54.354.354.532.864.532 1.528 0 .66-.178 1.17-.532 1.53-.355.359-.856.539-1.503.539h-1.597v-4.137h1.597zm-.044 3.447c.392 0 .687-.117.883-.35.2-.239.3-.582.3-1.029 0-.447-.1-.787-.3-1.021-.196-.238-.49-.358-.883-.358h-.689v2.758h.69zM80.112 25.634v2.507c0 .564-.15.988-.45 1.272-.301.28-.74.42-1.315.42-.576 0-1.015-.14-1.315-.42-.3-.284-.45-.708-.45-1.272v-2.507h.863v2.47c0 .346.073.603.22.77.15.168.377.251.682.251.304 0 .53-.084.676-.25.146-.168.219-.425.219-.771v-2.47h.87zM86.867 28.63c-.08.268-.205.491-.376.67a1.61 1.61 0 01-.607.402c-.234.088-.49.131-.77.131-.409 0-.764-.085-1.064-.256a1.744 1.744 0 01-.689-.734c-.159-.317-.238-.698-.238-1.14 0-.443.08-.824.238-1.141.163-.318.392-.562.689-.734.3-.17.65-.256 1.052-.256.283 0 .54.04.77.119a1.403 1.403 0 01.94.953l-.784.331c-.07-.25-.18-.428-.326-.532-.146-.109-.333-.163-.563-.163-.225 0-.424.054-.595.163-.167.108-.296.27-.388.482a1.934 1.934 0 00-.138.777c0 .305.042.565.126.778.087.213.215.374.381.482.167.109.372.163.614.163.225 0 .42-.06.582-.181.167-.122.284-.305.35-.552l.796.238zM93.094 25.634v.696H91.71v3.44h-.864v-3.44h-1.39v-.696h3.638zM101.627 25.634c.647 0 1.148.18 1.502.54.355.354.533.864.533 1.528 0 .66-.178 1.17-.533 1.53-.354.359-.855.539-1.502.539h-1.597v-4.137h1.597zm-.044 3.447c.392 0 .687-.117.883-.35.2-.239.3-.582.3-1.029 0-.447-.1-.787-.3-1.021-.196-.238-.491-.358-.883-.358h-.689v2.758h.689zM106.753 29.77v-4.136h3.099v.696h-2.235v1.028h1.759v.664h-1.759v1.053h2.323v.696h-3.187zM114.447 25.572c.376 0 .705.064.989.194.284.13.526.322.726.577l-.482.557a1.655 1.655 0 00-.563-.476 1.495 1.495 0 00-.701-.157c-.176 0-.322.023-.439.07a.56.56 0 00-.25.181.443.443 0 00-.075.25c0 .113.044.21.131.289.088.075.238.138.451.188l.77.175c.409.092.701.23.877.414.179.18.269.414.269.702 0 .272-.071.506-.213.702-.142.192-.34.34-.595.445-.254.1-.546.15-.876.15-.288 0-.553-.033-.795-.1a2.48 2.48 0 01-.639-.288 1.923 1.923 0 01-.47-.42l.489-.583c.096.134.215.253.357.357.142.105.302.188.482.251.183.058.375.088.576.088.171 0 .315-.019.432-.057a.584.584 0 00.269-.169.406.406 0 00.094-.27c0-.108-.038-.2-.113-.275-.071-.08-.204-.14-.4-.182l-.839-.188a2.736 2.736 0 01-.627-.226 1.075 1.075 0 01-.394-.363 1.036 1.036 0 01-.131-.533c0-.246.066-.468.2-.664.133-.197.325-.351.576-.464.255-.117.559-.175.914-.175zM120.053 25.634v4.137h-.864v-4.137h.864zM125.047 29.834a1.96 1.96 0 01-1.002-.251 1.704 1.704 0 01-.664-.727c-.158-.318-.237-.7-.237-1.147 0-.443.083-.823.25-1.14.167-.323.403-.57.707-.74a2.173 2.173 0 011.071-.258c.447 0 .808.084 1.083.251.276.163.495.418.658.765l-.802.345a.842.842 0 00-.344-.49 1.02 1.02 0 00-.589-.162 1.033 1.033 0 00-1.001.652 1.912 1.912 0 00-.138.77c0 .314.044.58.131.796.088.214.217.374.389.483.175.104.39.157.644.157.138 0 .265-.017.382-.05a.902.902 0 00.313-.15.692.692 0 00.207-.258.833.833 0 00.075-.363v-.094h-1.083v-.633h1.828v2.18h-.607l-.063-.902.15.107a1.172 1.172 0 01-.488.64c-.229.145-.52.219-.87.219zM133.648 25.634v4.137h-.99l-1.446-2.432-.357-.677h-.006l.025.714v2.395h-.776v-4.137h.983l1.446 2.426.357.683h.012l-.025-.715v-2.394h.777zM136.948 29.77v-4.136h3.099v.696h-2.235v1.028h1.76v.664h-1.76v1.053h2.323v.696h-3.187zM144.955 25.634c.467 0 .834.113 1.102.338.267.226.401.53.401.91 0 .405-.134.716-.401.933-.268.213-.633.32-1.096.32l-.088.05h-.889v1.586h-.851v-4.137h1.822zm-.1 1.893c.242 0 .421-.048.538-.144.121-.1.182-.253.182-.458 0-.205-.061-.355-.182-.451-.117-.1-.296-.15-.538-.15h-.871v1.203h.871zm.507.182l1.34 2.062h-.971l-1.108-1.812.739-.25z"
              fill="#2B384C"
            />
          </g>
          <defs>
            <linearGradient
              gradientUnits="userSpaceOnUse"
              id="paint0_linear_1702_34"
              x1={17.948}
              x2={24.2216}
              y1={7.57324}
              y2={36.8712}
            >
              <stop
                stopColor="#FF31EA"
              />
              <stop
                offset={1}
                stopColor="#13EBE3"
              />
            </linearGradient>
            <clipPath
              id="clip0_1702_34"
            >
              <path
                d="M0 0H156V41H0z"
                fill="#fff"
              />
            </clipPath>
          </defs>
        </svg>
      </a>
      <ul
        className="menu"
      >
        <li
          className="menuButton"
        >
          <a
            className="menuAnchor"
            href="/"
            onClick={[Function]}
          >
            Home
          </a>
        </li>
        <li
          className="menuButton"
        >
          <a
            className="menuAnchor"
            href="#about"
          >
            About
          </a>
        </li>
        <li
          className="menuButton"
        >
          <a
            className="menuAnchor"
            href="#cases"
          >
            Work
          </a>
        </li>
        <li
          className="menuButton"
        >
          <a
            className="menuAnchor"
            href="mailto:yulia.savchuk.a@gmail.com"
          >
            Say Hello!
          </a>
        </li>
      </ul>
      <div
        className="burger"
        onClick={[Function]}
      >
        <div
          className="burgerLine"
        />
      </div>
    </nav>
  </header>,
  <main
    className="mainSection"
  >
    <section
      className="heroSection"
    >
      <div
        className="background"
      >
        <div
          className="heroInfoWrapper"
        >
          <article
            className="articleWrapper"
          >
            <h1>
              Journey Through 
              <br />
               UX/UI Artistry
            </h1>
            <p>
              Crafting Captivating User-Centric and Pixel-Perfect Designs
            </p>
            <a
              className="button"
              href="mailto:yulia.savchuk.a@gmail.com"
            >
              Say Hello!
            </a>
          </article>
          <div
            className="heroImageWrapper"
          >
            <img
              alt="hero"
              src="hero_image.png"
            />
            <svg
              fill="none"
              height={451}
              viewBox="0 0 451 451"
              width={451}
              xmlns="http://www.w3.org/2000/svg"
            >
              <path
                clipRule="evenodd"
                d="M451 225.5C451 350.04 350.04 451 225.5 451S0 350.04 0 225.5 100.96 0 225.5 0 451 100.96 451 225.5zM225.5 425C335.681 425 425 335.681 425 225.5S335.681 26 225.5 26 26 115.319 26 225.5 115.319 425 225.5 425z"
                fill="#38ABFF"
                fillOpacity={0.35}
                fillRule="evenodd"
              />
            </svg>
          </div>
          <section
            className="statsWrapper"
          >
            <div
              className="stats"
            >
              <span
                className="boldText"
              >
                14 Y.
              </span>
              <span
                className="thinText"
              >
                Experience
              </span>
            </div>
            <div
              className="stats"
            >
              <span
                className="boldText"
              >
                50+
              </span>
              <span
                className="thinText"
              >
                Projects Completed
              </span>
            </div>
            <div
              className="stats"
            >
              <span
                className="boldText"
              >
                30+
              </span>
              <span
                className="thinText"
              >
                Happy Clients
              </span>
            </div>
          </section>
        </div>
      </div>
      <div
        className="greenEllipse"
      />
      <div
        className="purpleRectangle"
      />
      <div
        className="blueCircle"
      />
    </section>
    <section
      className="sectionWrapper"
      id="about"
    >
      <article
        className="aboutWrapper"
      >
        <h2
          className="aboutTitle"
        >
          Passionate UX/UI Designer Creating Seamless Digital Experiences
        </h2>
        <p
          className="aboutText"
        >
          I'm a UX/UI designer with a passion for crafting user-friendly digital experiences. With a keen eye for design and a focus on user needs, I create interfaces that are not only visually appealing but also highly functional. I love turning complex ideas into simple and intuitive solutions. Let's make the digital world a better place, one click at a time!
        </p>
        <div
          className="buttonWrapper"
        >
          <a
            className="button"
          >
            My projects
          </a>
          <a
            className="button"
            download={true}
            href="/CV/CV.pdf"
          >
            <svg
              fill="none"
              height={25}
              viewBox="0 0 24 25"
              width={24}
              xmlns="http://www.w3.org/2000/svg"
            >
              <path
                d="M21 14.5a1 1 0 00-1 1v4a1 1 0 01-1 1H5a1 1 0 01-1-1v-4a1 1 0 10-2 0v4a3 3 0 003 3h14a3 3 0 003-3v-4a1 1 0 00-1-1zm-9.71 1.71a1 1 0 00.33.21.94.94 0 00.76 0 1 1 0 00.33-.21l4-4a1.004 1.004 0 10-1.42-1.42L13 13.09V3.5a1 1 0 00-2 0v9.59l-2.29-2.3a1.005 1.005 0 00-1.714.71 1.004 1.004 0 00.294.71l4 4z"
                fill="#C930FF"
              />
            </svg>
            Download CV
          </a>
        </div>
      </article>
      <ul
        className="social"
      >
        <li
          className="socialIcon"
        >
          <a
            href=""
            rel="noreferrer"
            target="_blank"
          >
            <svg
              fill="none"
              height={21}
              viewBox="0 0 18 21"
              width={18}
              xmlns="http://www.w3.org/2000/svg"
            >
              <path
                d="M13.487.75H10.43c-1.814 0-3.832.778-3.832 3.459.01.934 0 1.828 0 2.835H4.5v3.405h2.163v9.801h3.976v-9.866h2.624l.237-3.35h-2.93s.007-1.49 0-1.922c0-1.06 1.081-.999 1.146-.999.515 0 1.515.002 1.772 0V.75h-.001z"
                fill="#697484"
              />
            </svg>
          </a>
        </li>
        <li
          className="socialIcon"
        >
          <a
            href=""
            rel="noreferrer"
            target="_blank"
          >
            <svg
              fill="none"
              height={19}
              viewBox="0 0 18 19"
              width={18}
              xmlns="http://www.w3.org/2000/svg"
            >
              <g
                clipPath="url(#clip0_1702_81)"
              >
                <path
                  d="M0 9.5c0-1.632.402-3.138 1.206-4.518a8.936 8.936 0 013.276-3.276A8.816 8.816 0 019 .5c1.632 0 3.138.402 4.518 1.206a8.936 8.936 0 013.276 3.276A8.816 8.816 0 0118 9.5a8.816 8.816 0 01-1.206 4.518 8.936 8.936 0 01-3.276 3.276A8.816 8.816 0 019 18.5a8.816 8.816 0 01-4.518-1.206 8.936 8.936 0 01-3.276-3.276A8.816 8.816 0 010 9.5zm1.494 0c0 1.872.63 3.522 1.89 4.95.576-1.128 1.488-2.202 2.736-3.222 1.248-1.02 2.466-1.662 3.654-1.926-.18-.42-.354-.798-.522-1.134-2.064.66-4.296.99-6.696.99-.468 0-.816-.006-1.044-.018 0 .048-.003.108-.009.18a2.24 2.24 0 00-.009.18zm.234-1.854c.264.024.654.036 1.17.036 2.004 0 3.906-.27 5.706-.81-.912-1.62-1.914-2.97-3.006-4.05A7.307 7.307 0 003.159 4.82a7.685 7.685 0 00-1.431 2.826zm2.682 7.776c1.356 1.056 2.886 1.584 4.59 1.584.888 0 1.77-.168 2.646-.504a26.432 26.432 0 00-1.404-5.958c-1.104.24-2.217.846-3.339 1.818-1.122.972-1.953 1.992-2.493 3.06zM7.164 2.246C8.22 3.338 9.198 4.7 10.098 6.332c1.632-.684 2.862-1.554 3.69-2.61C12.396 2.57 10.8 1.994 9 1.994a6.91 6.91 0 00-1.836.252zm3.582 5.364c.18.384.384.87.612 1.458a30.89 30.89 0 012.898-.126c.744 0 1.482.018 2.214.054-.096-1.632-.684-3.084-1.764-4.356-.78 1.164-2.1 2.154-3.96 2.97zm1.062 2.718A25.836 25.836 0 0113.05 15.8a7.51 7.51 0 002.322-2.358c.6-.96.96-1.998 1.08-3.114-.876-.06-1.674-.09-2.394-.09-.66 0-1.41.03-2.25.09z"
                  fill="#697484"
                />
              </g>
              <defs>
                <clipPath
                  id="clip0_1702_81"
                >
                  <path
                    d="M0 0H18V18H0z"
                    fill="#fff"
                    transform="translate(0 .5)"
                  />
                </clipPath>
              </defs>
            </svg>
          </a>
        </li>
        <li
          className="socialIcon"
        >
          <a
            href=""
            rel="noreferrer"
            target="_blank"
          >
            <svg
              fill="none"
              height={19}
              viewBox="0 0 18 19"
              width={18}
              xmlns="http://www.w3.org/2000/svg"
            >
              <g
                clipPath="url(#clip0_1702_84)"
              >
                <path
                  d="M6 9.5a3 3 0 116 0 3 3 0 01-6 0zm-1.621 0a4.621 4.621 0 109.242 0 4.621 4.621 0 00-9.242 0zm8.345-4.805a1.08 1.08 0 102.161 0 1.08 1.08 0 00-2.16 0zm-7.36 12.13c-.878-.04-1.355-.185-1.672-.309a2.8 2.8 0 01-1.035-.673 2.782 2.782 0 01-.673-1.035c-.124-.317-.27-.793-.31-1.67-.043-.95-.052-1.235-.052-3.638 0-2.403.01-2.688.052-3.637.04-.878.187-1.354.31-1.671a2.8 2.8 0 01.673-1.036c.315-.314.614-.51 1.035-.673.317-.123.794-.27 1.672-.31.948-.043 1.233-.052 3.636-.052s2.688.01 3.637.053c.877.04 1.354.186 1.671.31.42.162.72.358 1.036.672.314.315.51.615.673 1.036.123.317.27.793.31 1.67.043.95.052 1.235.052 3.638 0 2.403-.009 2.688-.053 3.637-.04.877-.186 1.354-.31 1.671-.163.42-.358.72-.672 1.035-.315.315-.615.51-1.036.673-.317.124-.793.27-1.67.31-.95.043-1.235.052-3.638.052-2.403 0-2.688-.009-3.636-.052zM5.29.556C4.33.598 3.677.75 3.105.973A4.416 4.416 0 001.51 2.01c-.5.5-.809 1.001-1.038 1.594C.25 4.177.098 4.83.055 5.79.01 6.75 0 7.056 0 9.5s.01 2.75.055 3.71c.043.959.195 1.613.418 2.185A4.4 4.4 0 001.51 16.99c.5.5 1.001.808 1.594 1.038.573.223 1.226.375 2.185.418.96.044 1.266.055 3.71.055 2.445 0 2.75-.01 3.71-.055.959-.043 1.613-.195 2.185-.418a4.426 4.426 0 001.594-1.038c.5-.5.808-1.002 1.038-1.594.223-.572.376-1.226.418-2.184.044-.96.054-1.267.054-3.711s-.01-2.75-.053-3.71c-.044-.959-.196-1.613-.419-2.185A4.426 4.426 0 0016.49 2.01c-.5-.5-1.002-.809-1.593-1.038C14.323.75 13.669.597 12.71.555 11.751.51 11.445.5 9.001.5 6.556.5 6.25.51 5.29.555z"
                  fill="#697484"
                />
              </g>
              <defs>
                <clipPath
                  id="clip0_1702_84"
                >
                  <path
                    d="M0 0H18V18H0z"
                    fill="#fff"
                    transform="translate(0 .5)"
                  />
                </clipPath>
              </defs>
            </svg>
          </a>
        </li>
        <li
          className="socialIcon"
        >
          <a
            href=""
            rel="noreferrer"
            target="_blank"
          >
            <svg
              fill="none"
              height={19}
              viewBox="0 0 18 19"
              width={18}
              xmlns="http://www.w3.org/2000/svg"
            >
              <g
                clipPath="url(#clip0_1702_87)"
              >
                <path
                  d="M0 2.59c0-.605.203-1.105.608-1.5C1.014.698 1.541.5 2.19.5c.637 0 1.153.194 1.547.582.405.4.608.92.608 1.563 0 .582-.197 1.067-.591 1.455-.405.4-.938.6-1.599.6h-.017C1.5 4.7.985 4.5.591 4.1.197 3.7 0 3.197 0 2.59zM.226 18.5V6.354h3.857V18.5H.226zm5.994 0h3.857v-6.782c0-.424.047-.752.14-.982.161-.412.407-.76.738-1.045.33-.285.744-.428 1.242-.428 1.297 0 1.946.915 1.946 2.746v6.49H18v-6.963c0-1.794-.405-3.154-1.216-4.082-.811-.927-1.882-1.39-3.214-1.39-1.495 0-2.659.672-3.493 2.018v.036h-.017l.017-.036V6.354H6.22c.023.388.035 1.594.035 3.618 0 2.025-.012 4.867-.035 8.528z"
                  fill="#697484"
                />
              </g>
              <defs>
                <clipPath
                  id="clip0_1702_87"
                >
                  <path
                    d="M0 0H18V18H0z"
                    fill="#fff"
                    transform="translate(0 .5)"
                  />
                </clipPath>
              </defs>
            </svg>
          </a>
        </li>
        <li
          className="socialIcon"
        >
          <a
            href=""
            rel="noreferrer"
            target="_blank"
          >
            <svg
              fill="none"
              height={19}
              viewBox="0 0 18 19"
              width={18}
              xmlns="http://www.w3.org/2000/svg"
            >
              <path
                d="M7.263 8.53s1.703-.125 1.703-2.097c0-1.97-1.393-2.933-3.158-2.933H0v11.017h5.808s3.545.11 3.545-3.252c0 0 .155-2.735-2.09-2.735zM5.39 5.458h.418s.79 0 .79 1.146-.465 1.313-.992 1.313H2.56V5.458h2.83zm.254 7.1H2.559V9.614h3.249s1.176-.015 1.176 1.513c0 1.289-.878 1.422-1.34 1.431zm8.438-6.255c-4.292 0-4.289 4.233-4.289 4.233s-.294 4.21 4.289 4.21c0 0 3.819.216 3.819-2.928h-1.964s.065 1.184-1.79 1.184c0 0-1.964.13-1.964-1.917h5.783s.633-4.782-3.884-4.782zm-1.92 3.311s.24-1.698 1.963-1.698c1.724 0 1.703 1.698 1.703 1.698H12.16zm4.123-4.108h-4.604V4.149h4.604v1.357z"
                fill="#697484"
              />
            </svg>
          </a>
        </li>
      </ul>
    </section>
  </main>,
  <footer
    className="footer"
  >
    <a
      href="#home"
    >
      <svg
        fill="none"
        height={60}
        viewBox="0 0 230 60"
        width={230}
        xmlns="http://www.w3.org/2000/svg"
      >
        <g
          clipPath="url(#clip0_1314_13150)"
        >
          <path
            clipRule="evenodd"
            d="M0 0h60.385v60H0V0zm.77.764v58.472h58.845V.764H.77z"
            fill="#fff"
            fillRule="evenodd"
          />
          <path
            clipRule="evenodd"
            d="M230 0H59.615v60H230V0zm-.769.764v58.472H60.385V.764H229.23z"
            fill="#fff"
            fillRule="evenodd"
          />
          <path
            d="M34.307 11.083h-7.846L36.846 41.58H24.615l2.539-7.567h-8.077L14.23 48.917h32.308l-12.23-37.834z"
            fill="url(#paint0_linear_1314_13150)"
          />
          <path
            d="M83.3 17.19v7.49c0 1.425-.403 2.539-1.211 3.34-.808.803-1.953 1.204-3.435 1.204-1.06 0-1.922-.191-2.585-.574-.663-.384-1.12-.922-1.374-1.617-.253-.695-.3-1.49-.144-2.389l2.422-.431c-.145 1.054-.078 1.814.199 2.281.277.467.79.7 1.536.7.784 0 1.326-.239 1.627-.718.314-.479.47-1.191.47-2.137v-7.15H83.3zM96.183 17.19v7.185c0 1.616-.434 2.832-1.302 3.646-.868.802-2.133 1.203-3.796 1.203-1.663 0-2.928-.4-3.796-1.203-.868-.814-1.302-2.03-1.302-3.646V17.19h2.495v7.077c0 .994.21 1.73.633 2.21.434.478 1.09.718 1.97.718.88 0 1.53-.24 1.952-.719.422-.479.633-1.215.633-2.21V17.19h2.513zM101.55 27.051h6.291v1.994h-8.785V17.19h2.494v9.861zM112.408 17.19v11.855h-2.495V17.19h2.495zM125.867 29.045h-2.585l-.995-2.892h-4.573l-.994 2.892h-2.549l4.356-11.855h2.983l4.357 11.855zm-7.593-4.724h3.453l-1.735-5.173-1.718 5.173zM137.007 17.01c1.084 0 2.036.186 2.856.557a5.596 5.596 0 012.097 1.653l-1.392 1.598c-.495-.623-1.037-1.078-1.627-1.365-.579-.3-1.254-.449-2.025-.449-.506 0-.928.066-1.265.198-.326.131-.567.305-.723.52a1.258 1.258 0 00-.217.719c0 .323.126.599.379.826.253.216.687.395 1.302.539l2.223.503c1.182.263 2.025.659 2.531 1.185.518.515.778 1.186.778 2.012 0 .779-.206 1.45-.615 2.012-.41.55-.982.976-1.717 1.275-.735.288-1.579.431-2.531.431a8.665 8.665 0 01-2.296-.287 7.193 7.193 0 01-1.844-.826 5.51 5.51 0 01-1.356-1.204l1.41-1.67c.278.383.621.724 1.031 1.024.409.299.874.538 1.392.718.53.168 1.084.252 1.663.252.494 0 .91-.054 1.247-.162.35-.12.609-.281.777-.485.181-.216.272-.473.272-.773 0-.31-.109-.574-.326-.79-.205-.227-.59-.401-1.157-.52l-2.422-.54c-.699-.167-1.302-.383-1.808-.646-.494-.276-.874-.623-1.139-1.042-.253-.431-.379-.94-.379-1.527 0-.706.193-1.34.578-1.904.386-.563.94-1.005 1.663-1.329.735-.335 1.615-.503 2.64-.503zM154.553 29.045h-2.585l-.994-2.892h-4.573l-.995 2.892h-2.549l4.357-11.855h2.983l4.356 11.855zm-7.592-4.724h3.453l-1.736-5.173-1.717 5.173zM165.409 17.19l-4.338 11.855h-2.911l-4.356-11.855h2.639l2.513 7.544.687 2.335.668-2.317 2.531-7.562h2.567zM177.111 25.776c-.229.766-.591 1.407-1.085 1.922a4.652 4.652 0 01-1.753 1.15 6.325 6.325 0 01-2.224.376c-1.181 0-2.205-.245-3.073-.736-.856-.491-1.518-1.192-1.988-2.102-.458-.91-.687-2-.687-3.269 0-1.269.229-2.359.687-3.269.47-.91 1.132-1.61 1.988-2.101.868-.491 1.88-.737 3.037-.737.819 0 1.56.114 2.224.341a4.18 4.18 0 011.681 1.006c.47.455.813 1.03 1.03 1.725l-2.26.952c-.205-.719-.518-1.228-.94-1.527-.421-.311-.964-.467-1.626-.467-.651 0-1.224.156-1.718.467-.482.311-.856.772-1.121 1.383-.265.599-.397 1.341-.397 2.227 0 .874.12 1.617.361 2.227.253.611.621 1.072 1.103 1.384.482.31 1.072.467 1.772.467.65 0 1.211-.174 1.681-.521.482-.348.819-.874 1.012-1.58l2.296.682zM189.487 17.19v11.855h-2.495V17.19h2.495zm-7.755 0v11.855h-2.495V17.19h2.495zm6.562 4.868v1.993h-7.809v-1.993h7.809zM202.562 17.19v7.185c0 1.616-.434 2.832-1.302 3.646-.868.802-2.133 1.203-3.796 1.203-1.663 0-2.929-.4-3.796-1.203-.868-.814-1.302-2.03-1.302-3.646V17.19h2.495v7.077c0 .994.211 1.73.633 2.21.433.478 1.09.718 1.97.718.88 0 1.53-.24 1.952-.719.422-.479.633-1.215.633-2.21V17.19h2.513zM215.72 17.19l-5.459 6.16-.199-.197-2.982 3.36-.38-2.3 6.128-7.023h2.892zm-7.791 0v11.855h-2.494V17.19h2.494zm3.019 4.095l4.917 7.76h-2.856l-3.977-6.377 1.916-1.383zM76.813 37.513c.468 0 .867.08 1.2.239.332.152.587.376.766.67.185.287.277.635.277 1.045 0 .41-.092.761-.277 1.055a1.78 1.78 0 01-.766.67c-.333.152-.733.228-1.2.228H75.53v2.147h-1.274v-6.054h2.557zm-.194 2.908c.382 0 .668-.08.858-.239.191-.165.287-.403.287-.715 0-.318-.096-.557-.287-.716-.19-.158-.477-.238-.858-.238h-1.09v1.908h1.09zM86.186 37.513c.69 0 1.23.165 1.625.495.394.33.59.774.59 1.33 0 .594-.196 1.05-.59 1.367-.394.312-.933.468-1.616.468l-.129.073h-1.31v2.32H83.5v-6.053h2.686zm-.148 2.77c.357 0 .622-.07.794-.21.179-.148.268-.37.268-.67 0-.3-.09-.52-.268-.66-.172-.148-.437-.22-.793-.22h-1.284v1.76h1.284zm.748.266l1.975 3.018h-1.43l-1.634-2.651 1.09-.367zM95.628 37.421c.603 0 1.123.126 1.56.376.437.251.772.609 1.006 1.074.24.464.36 1.02.36 1.669 0 .648-.12 1.205-.36 1.67-.234.464-.57.822-1.006 1.072-.437.251-.957.376-1.56.376-.603 0-1.126-.125-1.57-.376a2.562 2.562 0 01-1.015-1.073c-.234-.465-.35-1.02-.35-1.67 0-.647.116-1.204.35-1.668.24-.465.579-.823 1.015-1.074.444-.25.967-.376 1.57-.376zm0 1.037c-.345 0-.637.08-.877.238a1.51 1.51 0 00-.554.707c-.123.305-.185.684-.185 1.137 0 .446.062.825.185 1.137.13.312.314.547.554.706.24.16.532.239.877.239.338 0 .627-.08.868-.239.24-.159.421-.394.544-.706.13-.312.194-.69.194-1.137 0-.453-.065-.832-.194-1.137a1.458 1.458 0 00-.544-.707 1.535 1.535 0 00-.868-.238zM105.47 37.513c.954 0 1.692.263 2.215.789.524.52.785 1.266.785 2.238 0 .966-.261 1.712-.785 2.238-.523.526-1.261.789-2.215.789h-2.354v-6.054h2.354zm-.065 5.045c.579 0 1.013-.171 1.302-.514.295-.348.443-.85.443-1.504s-.148-1.153-.443-1.495c-.289-.349-.723-.523-1.302-.523h-1.015v4.036h1.015zM118.113 37.513v3.669c0 .825-.221 1.446-.664 1.862-.443.41-1.089.614-1.939.614-.849 0-1.495-.204-1.938-.614-.443-.416-.665-1.036-.665-1.862v-3.669h1.274v3.614c0 .508.108.883.323 1.128.222.245.557.367 1.006.367.45 0 .782-.122.997-.367.216-.245.323-.62.323-1.128v-3.614h1.283zM128.073 41.897a2.375 2.375 0 01-.554.982 2.37 2.37 0 01-.896.587 3.225 3.225 0 01-1.135.192c-.603 0-1.126-.125-1.569-.376a2.563 2.563 0 01-1.016-1.073c-.233-.465-.35-1.02-.35-1.67 0-.647.117-1.204.35-1.668.24-.465.579-.823 1.016-1.074.443-.25.96-.376 1.551-.376.418 0 .797.059 1.135.175.339.11.625.28.858.513.24.233.416.526.527.88l-1.154.487c-.105-.367-.265-.627-.48-.78-.216-.159-.493-.238-.831-.238-.332 0-.625.08-.877.238a1.54 1.54 0 00-.572.707c-.136.305-.203.684-.203 1.137 0 .446.061.825.184 1.137.13.312.317.547.563.706.247.16.548.239.905.239.332 0 .618-.089.858-.266.247-.177.419-.446.517-.807l1.173.348zM137.254 37.513v1.018h-2.04v5.036h-1.274V38.53h-2.049v-1.018h5.363zM149.835 37.513c.954 0 1.693.263 2.216.789.523.52.784 1.266.784 2.238 0 .966-.261 1.712-.784 2.238s-1.262.789-2.216.789h-2.354v-6.054h2.354zm-.064 5.045c.578 0 1.012-.171 1.301-.514.296-.348.443-.85.443-1.504s-.147-1.153-.443-1.495c-.289-.349-.723-.523-1.301-.523h-1.016v4.036h1.016zM157.393 43.567v-6.054h4.569v1.018h-3.296v1.505h2.594v.972h-2.594v1.54h3.425v1.019h-4.698zM168.735 37.421c.554 0 1.04.095 1.459.285.418.19.775.47 1.071.844l-.711.816a2.426 2.426 0 00-.831-.697 2.218 2.218 0 00-1.034-.23c-.258 0-.474.034-.646.101a.823.823 0 00-.369.266.643.643 0 00-.111.367c0 .165.065.306.194.422.129.11.351.202.665.275l1.135.257c.603.135 1.034.337 1.292.605.265.263.397.606.397 1.028 0 .397-.104.74-.314 1.027a1.997 1.997 0 01-.877.651c-.375.147-.806.22-1.292.22-.424 0-.815-.049-1.172-.146a3.668 3.668 0 01-.942-.422 2.81 2.81 0 01-.692-.615l.72-.853c.142.196.317.37.526.523.209.153.446.275.711.367.271.085.554.128.849.128.252 0 .465-.027.637-.082a.863.863 0 00.397-.248.595.595 0 00.138-.394.546.546 0 00-.166-.404c-.104-.116-.301-.205-.59-.266l-1.237-.275a4.036 4.036 0 01-.923-.33 1.572 1.572 0 01-.582-.532 1.514 1.514 0 01-.194-.78c0-.36.099-.685.296-.972.196-.288.48-.514.849-.679.375-.171.824-.257 1.347-.257zM177.002 37.513v6.054h-1.273v-6.054h1.273zM184.364 43.658c-.56 0-1.053-.122-1.477-.367a2.496 2.496 0 01-.979-1.063c-.233-.465-.35-1.025-.35-1.679 0-.648.123-1.205.369-1.67.246-.47.594-.83 1.043-1.082.455-.25.981-.376 1.578-.376.659 0 1.191.123 1.597.367.406.239.73.612.97 1.12l-1.182.504c-.098-.324-.268-.563-.508-.716-.234-.159-.523-.238-.867-.238-.345 0-.643.082-.896.248a1.52 1.52 0 00-.581.706c-.136.306-.203.681-.203 1.128 0 .459.064.847.193 1.165.13.312.32.547.573.706.258.153.575.23.951.23.203 0 .39-.025.563-.074.178-.049.332-.122.461-.22s.231-.223.305-.376c.074-.153.111-.33.111-.532V41.3h-1.597v-.926h2.695v3.192h-.895l-.093-1.321.222.156a1.73 1.73 0 01-.72.935c-.339.214-.766.321-1.283.321zM197.044 37.513v6.054h-1.458l-2.132-3.559-.527-.99h-.009l.037 1.045v3.504h-1.144v-6.054h1.449l2.132 3.55.526 1h.019l-.037-1.046v-3.504h1.144zM201.911 43.567v-6.054h4.569v1.018h-3.295v1.505h2.594v.972h-2.594v1.54h3.425v1.019h-4.699zM213.715 37.513c.69 0 1.231.165 1.625.495.394.33.591.774.591 1.33 0 .594-.197 1.05-.591 1.367-.394.312-.932.468-1.615.468l-.13.073h-1.31v2.32h-1.256v-6.053h2.686zm-.147 2.77c.357 0 .621-.07.794-.21.178-.148.267-.37.267-.67 0-.3-.089-.52-.267-.66-.173-.148-.437-.22-.794-.22h-1.283v1.76h1.283zm.747.266l1.976 3.018h-1.431l-1.634-2.651 1.089-.367z"
            fill="#fff"
          />
        </g>
        <defs>
          <linearGradient
            gradientUnits="userSpaceOnUse"
            id="paint0_linear_1314_13150"
            x1={26.4613}
            x2={35.5799}
            y1={11.083}
            y2={53.9858}
          >
            <stop
              stopColor="#FF31EA"
            />
            <stop
              offset={1}
              stopColor="#13EBE3"
            />
          </linearGradient>
          <clipPath
            id="clip0_1314_13150"
          >
            <path
              d="M0 0H230V60H0z"
              fill="#fff"
            />
          </clipPath>
        </defs>
      </svg>
    </a>
    <ul
      className="menu"
    >
      <li
        className="menuButton"
      >
        <a
          className="menuLink"
          href="#home"
        >
          Home
        </a>
      </li>
      <li
        className="menuButton"
      >
        <a
          className="menuLink"
          href="#about"
        >
          About
        </a>
      </li>
      <li
        className="menuButton"
      >
        <a
          className="menuLink"
          href="#case"
        >
          Work
        </a>
      </li>
    </ul>
    <p
      className="copyRight"
    >
      Copyright © 2023 Julia Savchuk.
    </p>
  </footer>,
]
`;
